// Jest Snapshot v1, https://goo.gl/fbAQLP

exports[`HTTP404 page Default should render the component 1`] = `
<div>
  
  NO EXISTE

</div>
`;
